2026-01-24 20:38:32 - src.main - INFO - Инициализация Panda3D...
2026-01-24 20:38:32 - src.main - INFO - Panda3D инициализирован успешно
2026-01-24 20:38:32 - src.systems.rendering.render_system - INFO - Система рендеринга инициализирована
2026-01-24 20:38:32 - src.core.state_manager - INFO - StateManager инициализирован
2026-01-24 20:38:32 - src.core.architecture.state_manager - INFO - Инициализация компонента state_manager
2026-01-24 20:38:32 - src.core.state_manager - INFO - StateManager успешно инициализирован
2026-01-24 20:38:32 - src.core.architecture.state_manager - INFO - Компонент state_manager успешно инициализирован
2026-01-24 20:38:32 - src.main - INFO - Система ввода настроена
2026-01-24 20:38:32 - src.main - INFO - Игровые системы инициализированы
2026-01-24 20:38:32 - src.core.game_state_manager - INFO - Registered state: start
2026-01-24 20:38:32 - src.core.game_state_manager - INFO - Registered state: game
2026-01-24 20:38:32 - src.core.game_state_manager - INFO - Registered state: death
2026-01-24 20:38:32 - src.main - INFO - Состояния игры зарегистрированы
2026-01-24 20:38:32 - src.main - INFO - ============================================================
2026-01-24 20:38:32 - src.main - INFO - 🚀 ЗАПУСК УЛУЧШЕННОЙ ИГРЫ AI-EVOLVE
2026-01-24 20:38:32 - src.main - INFO - ============================================================
2026-01-24 20:38:32 - src.core.game_state_manager - INFO - Changed state to: start
2026-01-24 20:38:37 - src.systems.rendering.render_system - WARNING - Камера isometric не найдена
2026-01-24 20:38:37 - src.core.game_state_manager - INFO - Changed state to: game
2026-01-24 20:38:41 - src.core.game_state_manager - INFO - Changed state to: death
2026-01-24 20:38:44 - src.systems.rendering.render_system - WARNING - Камера isometric не найдена
2026-01-24 20:38:44 - src.core.game_state_manager - INFO - Changed state to: game
2026-01-24 20:38:47 - src.core.game_state_manager - INFO - Changed state to: death
2026-01-24 20:38:48 - src.systems.rendering.render_system - WARNING - Камера isometric не найдена
2026-01-24 20:38:48 - src.core.game_state_manager - INFO - Changed state to: game
2026-01-24 20:38:49 - src.main - INFO - Игра поставлена на паузу
2026-01-24 20:38:49 - src.main - INFO - Меню паузы создано и показано
2026-01-24 20:38:52 - src.main - INFO - Меню паузы создано и показано
2026-01-24 20:38:52 - src.main - INFO - Игра возобновлена
2026-01-24 20:38:53 - src.main - INFO - Игра поставлена на паузу
2026-01-24 20:38:53 - src.main - INFO - Меню паузы создано и показано
2026-01-24 20:38:53 - src.main - INFO - Игра возобновлена
2026-01-24 20:38:56 - src.core.game_state_manager - INFO - Changed state to: death
2026-01-24 20:38:57 - src.core.game_state_manager - INFO - Changed state to: start
2026-01-24 20:39:16 - src.main - INFO - Выход из игры...
2026-01-24 20:39:16 - src.systems.rendering.render_system - INFO - Система рендеринга очищена
2026-01-24 20:39:16 - src.main - INFO - Ресурсы очищены
