2026-01-24 20:15:29 - src.main - INFO - Инициализация Panda3D...
2026-01-24 20:15:29 - src.main - INFO - Panda3D инициализирован успешно
2026-01-24 20:15:29 - src.systems.rendering.render_system - INFO - Система рендеринга инициализирована
2026-01-24 20:15:29 - src.core.state_manager - INFO - StateManager инициализирован
2026-01-24 20:15:29 - src.core.architecture.state_manager - INFO - Инициализация компонента state_manager
2026-01-24 20:15:29 - src.core.state_manager - INFO - StateManager успешно инициализирован
2026-01-24 20:15:29 - src.core.architecture.state_manager - INFO - Компонент state_manager успешно инициализирован
2026-01-24 20:15:29 - src.main - INFO - Система ввода настроена
2026-01-24 20:15:29 - src.main - INFO - Игровые системы инициализированы
2026-01-24 20:15:29 - src.core.game_state_manager - INFO - Registered state: start
2026-01-24 20:15:29 - src.core.game_state_manager - INFO - Registered state: game
2026-01-24 20:15:29 - src.core.game_state_manager - INFO - Registered state: death
2026-01-24 20:15:29 - src.main - INFO - Состояния игры зарегистрированы
2026-01-24 20:15:29 - src.main - INFO - ============================================================
2026-01-24 20:15:29 - src.main - INFO - 🚀 ЗАПУСК УЛУЧШЕННОЙ ИГРЫ AI-EVOLVE
2026-01-24 20:15:29 - src.main - INFO - ============================================================
2026-01-24 20:15:29 - src.core.game_state_manager - INFO - Changed state to: start
2026-01-24 20:15:33 - src.systems.rendering.render_system - ERROR - Камера isometric не найдена
2026-01-24 20:15:33 - src.core.game_state_manager - INFO - Changed state to: game
2026-01-24 20:15:36 - src.core.game_state_manager - INFO - Changed state to: death
2026-01-24 20:15:38 - src.systems.rendering.render_system - ERROR - Камера isometric не найдена
2026-01-24 20:15:38 - src.core.game_state_manager - INFO - Changed state to: game
2026-01-24 20:15:42 - src.core.game_state_manager - INFO - Changed state to: death
2026-01-24 20:15:44 - src.systems.rendering.render_system - ERROR - Камера isometric не найдена
2026-01-24 20:15:44 - src.core.game_state_manager - INFO - Changed state to: game
2026-01-24 20:15:45 - src.main - INFO - Выход из игры...
2026-01-24 20:15:45 - src.systems.rendering.render_system - INFO - Система рендеринга очищена
2026-01-24 20:15:45 - src.main - INFO - Ресурсы очищены
